Microchip MPLAB XC8 Compiler V1.33 ()

Linker command line:

--edf=C:\Program Files (x86)\Microchip\xc8\v1.33\dat\en_msgs.txt -cs \
  -h+Firmware.sym --cmf=Firmware.cmf -z -Q16F877A \
  -oC:\Users\Ninguem\AppData\Local\Temp\s3po.6 -MFirmware.map -E1 -ver=XC8 \
  -ASTACK=0110h-016fh -pstack=STACK -ACONST=00h-0FFhx32 -ACODE=00h-07FFhx4 \
  -ASTRCODE=00h-01FFFh -AENTRY=00h-0FFhx32 -ASTRING=00h-0FFhx32 \
  -ACOMMON=070h-07Fh -ABANK0=020h-06Fh -ABANK1=0A0h-0EFh \
  -ABANK2=0110h-016Fh -ABANK3=0190h-01EFh \
  -ARAM=020h-06Fh,0A0h-0EFh,0110h-016Fh,0190h-01EFh \
  -AABS1=020h-07Fh,0A0h-0EFh,0110h-016Fh,0190h-01EFh -ASFR0=00h-01Fh \
  -ASFR1=080h-09Fh -ASFR2=0100h-010Fh -ASFR3=0180h-018Fh \
  -preset_vec=00h,intentry=04h,init,end_init -ppowerup=CODE -pcinit=CODE \
  -pfunctab=CODE -ACONFIG=02007h-02007h -pconfig=CONFIG -DCONFIG=2 \
  -AIDLOC=02000h-02003h -pidloc=IDLOC -DIDLOC=2 -AEEDATA=00h-0FFh/02100h \
  -peeprom_data=EEDATA -DEEDATA=2 -DCODE=2 -DSTRCODE=2 -DSTRING=2 -DCONST=2 \
  -DENTRY=2 -k startup.obj Firmware.obj 

Object code version is 3.11

Machine type is 16F877A



                Name                               Link     Load   Length Selector   Space Scale
startup.obj     end_init                             12       12        3        8       0
                reset_vec                             0        0        3        0       0
                config                             2007     2007        1     400E       0
Firmware.obj    cinit                                15       15        C        8       0
                intentry                              4        4        E        8       0
                text11                              215      215       18      368       0
                text10                              257      257        9      368       0
                text9                               268      268        8      368       0
                text8                                B0       B0       75        8       0
                text7                               22D      22D       12      368       0
                text6                               23F      23F        F      368       0
                text5                               24E      24E        9      368       0
                text4                                21       21       8F        8       0
                text3                               125      125       4A        8       0
                text2                               260      260        8      368       0
                text1                               1F5      1F5       20      368       0
                maintext                            1B4      1B4       41      368       0
                cstackBANK0                          20       20       19       20       1
                cstackCOMMON                         70       70        A       70       1
                bssBANK0                             39       39        6       20       1
                bssCOMMON                            7A       7A        2       70       1
                strings                             16F      16F       45      2DE       0

TOTAL           Name                               Link     Load   Length     Space
        CLASS   STACK          

        CLASS   CONST          

        CLASS   CODE           
                end_init                             12       12        3         0
                cinit                                15       15        C         0
                intentry                              4        4        E         0
                reset_vec                             0        0        3         0
                text11                              215      215       18         0
                text10                              257      257        9         0
                text9                               268      268        8         0
                text8                                B0       B0       75         0
                text7                               22D      22D       12         0
                text6                               23F      23F        F         0
                text5                               24E      24E        9         0
                text4                                21       21       8F         0
                text3                               125      125       4A         0
                text2                               260      260        8         0
                text1                               1F5      1F5       20         0
                maintext                            1B4      1B4       41         0

        CLASS   STRCODE        

        CLASS   ENTRY          

        CLASS   STRING         
                strings                             16F      16F       45         0

        CLASS   COMMON         
                cstackCOMMON                         70       70        A         1
                bssCOMMON                            7A       7A        2         1

        CLASS   BANK0          
                cstackBANK0                          20       20       19         1
                bssBANK0                             39       39        6         1

        CLASS   BANK1          

        CLASS   BANK2          

        CLASS   BANK3          

        CLASS   RAM            

        CLASS   ABS1           
                abs_s1                               7E       7E        2         1

        CLASS   SFR0           

        CLASS   SFR1           

        CLASS   SFR2           

        CLASS   SFR3           

        CLASS   CONFIG         
                config                             2007     2007        1         0

        CLASS   IDLOC          

        CLASS   EEDATA         



SEGMENTS        Name                           Load    Length   Top    Selector   Space  Class     Delta

                reset_vec                      000000  000003  000003         0       0  CODE        2
                intentry                       000004  00016B  00016F         8       0  CODE        2
                cstackBANK0                    000020  00001F  00003F        20       1  BANK0       1
                cstackCOMMON                   000070  00000C  00007C        70       1  COMMON      1
                strings                        00016F  000045  0001B4       2DE       0  STRING      2
                maintext                       0001B4  0000BC  000270       368       0  CODE        2
                config                         002007  000001  002008      400E       0  CONFIG      2


UNUSED ADDRESS RANGES

        Name                Unused          Largest block    Delta
        BANK0            003F-006F             31           1
        BANK1            00A0-00EF             50           1
        BANK2            0110-016F             60           1
        BANK3            0190-01EF             60           1
        CODE             0003-0003              1           2
                         0270-1FFF            800
        COMMON           007C-007D              2           1
        CONST            0003-0003              1           2
                         0270-1FFF            100
        EEDATA           2100-21FF            100           2
        ENTRY            0003-0003              1           2
                         0270-1FFF            100
        IDLOC            2000-2003              4           2
        RAM              003F-006F             31           1
                         00A0-00EF             50
                         0110-016F             60
                         0190-01EF             60
        SFR0             0000-001F             20           1
        SFR1             0080-009F             20           1
        SFR2             0100-010F             10           1
        SFR3             0180-018F             10           1
        STACK            0110-016F             60           1
        STRCODE          0003-0003              1           2
                         0270-1FFF           1D90
        STRING           0003-0003              1           2
                         0270-1FFF            100

                                  Symbol Table

?___aldiv                    cstackBANK0  0020
ADC_Read@channel             cstackCOMMON 0070
ISR@checksum                 cstackCOMMON 0078
ISR@index                    cstackCOMMON 0079
TIMER1_Set@count             cstackBANK0  0020
USART_Init@BR                cstackBANK0  0038
USART_Init@BaudRate          cstackBANK0  002F
USART_WriteChar@USART_Data   cstackBANK0  0020
USART_WriteString@str        cstackBANK0  0022
_ADCON0bits                  (abs)        001F
_ADCON1bits                  (abs)        009F
_ADC_Buffer                  bssBANK0     0039
_ADC_Init                    text7        022D
_ADC_Read                    text11       0215
_ADRESH                      (abs)        001E
_ADRESL                      (abs)        009E
_INTCONbits                  (abs)        000B
_ISR                         text8        00B0
_OERR                        (abs)        00C1
_OPTION_REGbits              (abs)        0081
_PIE1bits                    (abs)        008C
_PIR1bits                    (abs)        000C
_PORTA                       (abs)        0005
_PORTB                       (abs)        0006
_PORTC                       (abs)        0007
_RCREG                       (abs)        001A
_RCSTAbits                   (abs)        0018
_SPBRG                       (abs)        0099
_T1CONbits                   (abs)        0010
_TIMER1_Init                 text6        023F
_TIMER1_Set                  text5        024E
_TMR0                        (abs)        0001
_TMR1                        (abs)        000E
_TRISA                       (abs)        0085
_TRISB                       (abs)        0086
_TRISC                       (abs)        0087
_TXREG                       (abs)        0019
_TXSTAbits                   (abs)        0098
_USART_Init                  text3        0125
_USART_WriteChar             text2        0260
_USART_WriteString           text1        01F5
__CFG_BOREN$OFF              (abs)        0000
__CFG_CP$OFF                 (abs)        0000
__CFG_CPD$OFF                (abs)        0000
__CFG_FOSC$HS                (abs)        0000
__CFG_LVP$OFF                (abs)        0000
__CFG_PWRTE$OFF              (abs)        0000
__CFG_WDTE$OFF               (abs)        0000
__CFG_WRT$OFF                (abs)        0000
__Habs1                      abs1         0000
__Hbank0                     bank0        0000
__Hbank1                     bank1        0000
__Hbank2                     bank2        0000
__Hbank3                     bank3        0000
__HbssBANK0                  bssBANK0     0000
__HbssCOMMON                 bssCOMMON    0000
__Hcinit                     cinit        0021
__Hclrtext                   clrtext      0000
__Hcode                      code         0000
__Hcommon                    common       0000
__Hconfig                    config       2008
__HcstackBANK0               cstackBANK0  0000
__HcstackCOMMON              cstackCOMMON 0000
__Heeprom_data               eeprom_data  0000
__Hend_init                  end_init     0015
__Hfunctab                   functab      0000
__Hidloc                     idloc        0000
__Hinit                      init         0012
__Hintentry                  intentry     0012
__Hmaintext                  maintext     0000
__Hpowerup                   powerup      0000
__Hram                       ram          0000
__Hreset_vec                 reset_vec    0003
__Hsfr0                      sfr0         0000
__Hsfr1                      sfr1         0000
__Hsfr2                      sfr2         0000
__Hsfr3                      sfr3         0000
__Hspace_0                   (abs)        2008
__Hspace_1                   (abs)        007C
__Hspace_2                   (abs)        0000
__Hspace_3                   (abs)        0000
__Hstack                     stack        0000
__Hstrings                   strings      0000
__Htext                      text         0000
__Labs1                      abs1         0000
__Lbank0                     bank0        0000
__Lbank1                     bank1        0000
__Lbank2                     bank2        0000
__Lbank3                     bank3        0000
__LbssBANK0                  bssBANK0     0000
__LbssCOMMON                 bssCOMMON    0000
__Lcinit                     cinit        0015
__Lclrtext                   clrtext      0000
__Lcode                      code         0000
__Lcommon                    common       0000
__Lconfig                    config       2007
__LcstackBANK0               cstackBANK0  0000
__LcstackCOMMON              cstackCOMMON 0000
__Leeprom_data               eeprom_data  0000
__Lend_init                  end_init     0012
__Lfunctab                   functab      0000
__Lidloc                     idloc        0000
__Linit                      init         0012
__Lintentry                  intentry     0004
__Lmaintext                  maintext     0000
__Lpowerup                   powerup      0000
__Lram                       ram          0000
__Lreset_vec                 reset_vec    0000
__Lsfr0                      sfr0         0000
__Lsfr1                      sfr1         0000
__Lsfr2                      sfr2         0000
__Lsfr3                      sfr3         0000
__Lspace_0                   (abs)        0000
__Lspace_1                   (abs)        0000
__Lspace_2                   (abs)        0000
__Lspace_3                   (abs)        0000
__Lstack                     stack        0000
__Lstrings                   strings      0000
__Ltext                      text         0000
__S0                         (abs)        2008
__S1                         (abs)        007C
__S2                         (abs)        0000
__S3                         (abs)        0000
___aldiv                     text4        0021
___aldiv@counter             cstackBANK0  0029
___aldiv@dividend            cstackBANK0  0024
___aldiv@divisor             cstackBANK0  0020
___aldiv@quotient            cstackBANK0  002B
___aldiv@sign                cstackBANK0  002A
___int_sp                    stack        0000
___latbits                   (abs)        0002
___sp                        stack        0000
__end_of_ADC_Init            text7        023F
__end_of_ADC_Read            text11       022D
__end_of_ISR                 text8        0125
__end_of_TIMER1_Init         text6        024E
__end_of_TIMER1_Set          text5        0257
__end_of_USART_Init          text3        016F
__end_of_USART_WriteChar     text2        0268
__end_of_USART_WriteString   text1        0215
__end_of___aldiv             text4        00B0
__end_of__initialization     cinit        001D
__end_of__stringdata         strings      01B4
__end_of__stringtab          strings      0175
__end_of_main                maintext     01F5
__end_ofi1_TIMER1_Set        text10       0260
__end_ofi1_USART_WriteChar   text9        0270
__initialization             cinit        0015
__pbssBANK0                  bssBANK0     0039
__pbssCOMMON                 bssCOMMON    007A
__pcstackBANK0               cstackBANK0  0020
__pcstackCOMMON              cstackCOMMON 0070
__pintentry                  intentry     0004
__pmaintext                  maintext     01B4
__pstrings                   strings      016F
__ptext1                     text1        01F5
__ptext10                    text10       0257
__ptext11                    text11       0215
__ptext2                     text2        0260
__ptext3                     text3        0125
__ptext4                     text4        0021
__ptext5                     text5        024E
__ptext6                     text6        023F
__ptext7                     text7        022D
__ptext8                     text8        00B0
__ptext9                     text9        0268
__size_of_ADC_Init           (abs)        0000
__size_of_ADC_Read           (abs)        0000
__size_of_ISR                (abs)        0000
__size_of_TIMER1_Init        (abs)        0000
__size_of_TIMER1_Set         (abs)        0000
__size_of_USART_Init         (abs)        0000
__size_of_USART_WriteChar    (abs)        0000
__size_of_USART_WriteString  (abs)        0000
__size_of___aldiv            (abs)        0000
__size_of_main               (abs)        0000
__size_ofi1_TIMER1_Set       (abs)        0000
__size_ofi1_USART_WriteChar  (abs)        0000
__stringbase                 strings      0174
__stringdata                 strings      0175
__stringtab                  strings      016F
_contador                    bssCOMMON    007A
_main                        maintext     01B4
btemp                        (abs)        007E
end_of_initialization        cinit        001D
i1TIMER1_Set@count           cstackCOMMON 0070
i1USART_WriteChar@USART_Data cstackCOMMON 0070
i1_TIMER1_Set                text10       0257
i1_USART_WriteChar           text9        0268
interrupt_function           intentry     0004
intlevel0                    functab      0000
intlevel1                    functab      0000
intlevel2                    functab      0000
intlevel3                    functab      0000
intlevel4                    functab      0000
intlevel5                    functab      0000
ltemp                        (abs)        007E
ltemp0                       (abs)        007E
ltemp1                       (abs)        0082
ltemp2                       (abs)        0086
ltemp3                       (abs)        0080
reset_vec                    reset_vec    0000
saved_w                      (abs)        007E
stackhi                      (abs)        0000
stacklo                      (abs)        0000
start                        init         0012
start_initialization         cinit        0015
ttemp                        (abs)        007E
ttemp0                       (abs)        007E
ttemp1                       (abs)        0081
ttemp2                       (abs)        0084
ttemp3                       (abs)        0087
ttemp4                       (abs)        007F
wtemp                        (abs)        007E
wtemp0                       (abs)        007E
wtemp1                       (abs)        0080
wtemp2                       (abs)        0082
wtemp3                       (abs)        0084
wtemp4                       (abs)        0086
wtemp5                       (abs)        0088
wtemp6                       (abs)        007F


FUNCTION INFORMATION:

 *************** function _main *****************
 Defined at:
		line 55 in file "C:\Users\Ninguem\Desktop\Trabalho final embarcado\supervv\Firmware\main.c"
 Parameters:    Size  Location     Type
		None
 Auto vars:     Size  Location     Type
		None
 Return value:  Size  Location     Type
		None               void
 Registers used:
		wreg, fsr0l, fsr0h, status,2, status,0, pclath, cstack
 Tracked objects:
		On entry : 
		On exit  : 
		Unchanged: 
 Data sizes:     COMMON   BANK0   BANK1   BANK3   BANK2
      Params:         0       0       0       0       0
      Locals:         0       0       0       0       0
      Temps:          0       0       0       0       0
      Totals:         0       0       0       0       0
Total ram usage:        0 bytes
 Hardware stack levels required when called:    4
 This function calls:
		_ADC_Init
		_TIMER1_Init
		_TIMER1_Set
		_USART_Init
		_USART_WriteString
 This function is called by:
		Startup code after reset
 This function uses a non-reentrant model


 *************** function _USART_WriteString *****************
 Defined at:
		line 48 in file "C:\Users\Ninguem\Desktop\Trabalho final embarcado\supervv\Firmware\usart.c"
 Parameters:    Size  Location     Type
  str             1    wreg     PTR const unsigned char 
		 -> STR_2(40), STR_1(23), 
 Auto vars:     Size  Location     Type
  str             1    2[BANK0 ] PTR const unsigned char 
		 -> STR_2(40), STR_1(23), 
 Return value:  Size  Location     Type
		None               void
 Registers used:
		wreg, fsr0l, fsr0h, status,2, status,0, pclath, cstack
 Tracked objects:
		On entry : 
		On exit  : 
		Unchanged: 
 Data sizes:     COMMON   BANK0   BANK1   BANK3   BANK2
      Params:         0       0       0       0       0
      Locals:         0       1       0       0       0
      Temps:          0       1       0       0       0
      Totals:         0       2       0       0       0
Total ram usage:        2 bytes
 Hardware stack levels used:    1
 Hardware stack levels required when called:    3
 This function calls:
		_USART_WriteChar
 This function is called by:
		_main
		_USART_ReceiveChar
 This function uses a non-reentrant model


 *************** function _USART_WriteChar *****************
 Defined at:
		line 42 in file "C:\Users\Ninguem\Desktop\Trabalho final embarcado\supervv\Firmware\usart.c"
 Parameters:    Size  Location     Type
  USART_Data      1    wreg     unsigned char 
 Auto vars:     Size  Location     Type
  USART_Data      1    0[BANK0 ] unsigned char 
 Return value:  Size  Location     Type
		None               void
 Registers used:
		wreg
 Tracked objects:
		On entry : 
		On exit  : 
		Unchanged: 
 Data sizes:     COMMON   BANK0   BANK1   BANK3   BANK2
      Params:         0       0       0       0       0
      Locals:         0       1       0       0       0
      Temps:          0       0       0       0       0
      Totals:         0       1       0       0       0
Total ram usage:        1 bytes
 Hardware stack levels used:    1
 Hardware stack levels required when called:    2
 This function calls:
		Nothing
 This function is called by:
		_USART_WriteString
 This function uses a non-reentrant model


 *************** function _USART_Init *****************
 Defined at:
		line 6 in file "C:\Users\Ninguem\Desktop\Trabalho final embarcado\supervv\Firmware\usart.c"
 Parameters:    Size  Location     Type
  BaudRate        4   15[BANK0 ] long 
 Auto vars:     Size  Location     Type
  BR              1   24[BANK0 ] unsigned char 
 Return value:  Size  Location     Type
		None               void
 Registers used:
		wreg, status,2, status,0, pclath, cstack
 Tracked objects:
		On entry : 
		On exit  : 
		Unchanged: 
 Data sizes:     COMMON   BANK0   BANK1   BANK3   BANK2
      Params:         0       4       0       0       0
      Locals:         0       1       0       0       0
      Temps:          0       5       0       0       0
      Totals:         0      10       0       0       0
Total ram usage:       10 bytes
 Hardware stack levels used:    1
 Hardware stack levels required when called:    3
 This function calls:
		___aldiv
 This function is called by:
		_main
 This function uses a non-reentrant model


 *************** function ___aldiv *****************
 Defined at:
		line 6 in file "C:\Program Files (x86)\Microchip\xc8\v1.33\sources\common\aldiv.c"
 Parameters:    Size  Location     Type
  divisor         4    0[BANK0 ] long 
  dividend        4    4[BANK0 ] long 
 Auto vars:     Size  Location     Type
  quotient        4   11[BANK0 ] long 
  sign            1   10[BANK0 ] unsigned char 
  counter         1    9[BANK0 ] unsigned char 
 Return value:  Size  Location     Type
                  4    0[BANK0 ] long 
 Registers used:
		wreg, status,2, status,0
 Tracked objects:
		On entry : 
		On exit  : 
		Unchanged: 
 Data sizes:     COMMON   BANK0   BANK1   BANK3   BANK2
      Params:         0       8       0       0       0
      Locals:         0       6       0       0       0
      Temps:          0       1       0       0       0
      Totals:         0      15       0       0       0
Total ram usage:       15 bytes
 Hardware stack levels used:    1
 Hardware stack levels required when called:    2
 This function calls:
		Nothing
 This function is called by:
		_USART_Init
 This function uses a non-reentrant model


 *************** function _TIMER1_Set *****************
 Defined at:
		line 36 in file "C:\Users\Ninguem\Desktop\Trabalho final embarcado\supervv\Firmware\timers.c"
 Parameters:    Size  Location     Type
  count           2    0[BANK0 ] unsigned int 
 Auto vars:     Size  Location     Type
		None
 Return value:  Size  Location     Type
		None               void
 Registers used:
		wreg, status,2, status,0
 Tracked objects:
		On entry : 
		On exit  : 
		Unchanged: 
 Data sizes:     COMMON   BANK0   BANK1   BANK3   BANK2
      Params:         0       2       0       0       0
      Locals:         0       0       0       0       0
      Temps:          0       0       0       0       0
      Totals:         0       2       0       0       0
Total ram usage:        2 bytes
 Hardware stack levels used:    1
 Hardware stack levels required when called:    2
 This function calls:
		Nothing
 This function is called by:
		_main
 This function uses a non-reentrant model


 *************** function _TIMER1_Init *****************
 Defined at:
		line 23 in file "C:\Users\Ninguem\Desktop\Trabalho final embarcado\supervv\Firmware\timers.c"
 Parameters:    Size  Location     Type
		None
 Auto vars:     Size  Location     Type
		None
 Return value:  Size  Location     Type
		None               void
 Registers used:
		None
 Tracked objects:
		On entry : 
		On exit  : 
		Unchanged: 
 Data sizes:     COMMON   BANK0   BANK1   BANK3   BANK2
      Params:         0       0       0       0       0
      Locals:         0       0       0       0       0
      Temps:          0       0       0       0       0
      Totals:         0       0       0       0       0
Total ram usage:        0 bytes
 Hardware stack levels used:    1
 Hardware stack levels required when called:    2
 This function calls:
		Nothing
 This function is called by:
		_main
 This function uses a non-reentrant model


 *************** function _ADC_Init *****************
 Defined at:
		line 6 in file "C:\Users\Ninguem\Desktop\Trabalho final embarcado\supervv\Firmware\adc.c"
 Parameters:    Size  Location     Type
		None
 Auto vars:     Size  Location     Type
		None
 Return value:  Size  Location     Type
		None               void
 Registers used:
		None
 Tracked objects:
		On entry : 
		On exit  : 
		Unchanged: 
 Data sizes:     COMMON   BANK0   BANK1   BANK3   BANK2
      Params:         0       0       0       0       0
      Locals:         0       0       0       0       0
      Temps:          0       0       0       0       0
      Totals:         0       0       0       0       0
Total ram usage:        0 bytes
 Hardware stack levels used:    1
 Hardware stack levels required when called:    2
 This function calls:
		Nothing
 This function is called by:
		_main
 This function uses a non-reentrant model


 *************** function _ISR *****************
 Defined at:
		line 13 in file "C:\Users\Ninguem\Desktop\Trabalho final embarcado\supervv\Firmware\main.c"
 Parameters:    Size  Location     Type
		None
 Auto vars:     Size  Location     Type
  index           1    9[COMMON] unsigned char 
  checksum        1    8[COMMON] unsigned char 
 Return value:  Size  Location     Type
		None               void
 Registers used:
		wreg, fsr0l, fsr0h, status,2, status,0, pclath, cstack
 Tracked objects:
		On entry : 
		On exit  : 
		Unchanged: 
 Data sizes:     COMMON   BANK0   BANK1   BANK3   BANK2
      Params:         0       0       0       0       0
      Locals:         2       0       0       0       0
      Temps:          5       0       0       0       0
      Totals:         7       0       0       0       0
Total ram usage:        7 bytes
 Hardware stack levels used:    1
 Hardware stack levels required when called:    1
 This function calls:
		_ADC_Read
		i1_TIMER1_Set
		i1_USART_WriteChar
 This function is called by:
		Interrupt level 1
 This function uses a non-reentrant model


 *************** function i1_USART_WriteChar *****************
 Defined at:
		line 42 in file "C:\Users\Ninguem\Desktop\Trabalho final embarcado\supervv\Firmware\usart.c"
 Parameters:    Size  Location     Type
  USART_Data      1    wreg     unsigned char 
 Auto vars:     Size  Location     Type
  USART_Data      1    0[COMMON] unsigned char 
 Return value:  Size  Location     Type
		None               void
 Registers used:
		wreg
 Tracked objects:
		On entry : 
		On exit  : 
		Unchanged: 
 Data sizes:     COMMON   BANK0   BANK1   BANK3   BANK2
      Params:         0       0       0       0       0
      Locals:         1       0       0       0       0
      Temps:          0       0       0       0       0
      Totals:         1       0       0       0       0
Total ram usage:        1 bytes
 Hardware stack levels used:    1
 This function calls:
		Nothing
 This function is called by:
		_ISR
 This function uses a non-reentrant model


 *************** function i1_TIMER1_Set *****************
 Defined at:
		line 36 in file "C:\Users\Ninguem\Desktop\Trabalho final embarcado\supervv\Firmware\timers.c"
 Parameters:    Size  Location     Type
  count           2    0[COMMON] unsigned int 
 Auto vars:     Size  Location     Type
		None
 Return value:  Size  Location     Type
		None               void
 Registers used:
		wreg, status,2, status,0
 Tracked objects:
		On entry : 
		On exit  : 
		Unchanged: 
 Data sizes:     COMMON   BANK0   BANK1   BANK3   BANK2
      Params:         2       0       0       0       0
      Locals:         0       0       0       0       0
      Temps:          0       0       0       0       0
      Totals:         2       0       0       0       0
Total ram usage:        2 bytes
 Hardware stack levels used:    1
 This function calls:
		Nothing
 This function is called by:
		_ISR
 This function uses a non-reentrant model


 *************** function _ADC_Read *****************
 Defined at:
		line 25 in file "C:\Users\Ninguem\Desktop\Trabalho final embarcado\supervv\Firmware\adc.c"
 Parameters:    Size  Location     Type
  channel         2    0[COMMON] unsigned short 
 Auto vars:     Size  Location     Type
		None
 Return value:  Size  Location     Type
		None               void
 Registers used:
		wreg, status,2, status,0
 Tracked objects:
		On entry : 
		On exit  : 
		Unchanged: 
 Data sizes:     COMMON   BANK0   BANK1   BANK3   BANK2
      Params:         2       0       0       0       0
      Locals:         0       0       0       0       0
      Temps:          1       0       0       0       0
      Totals:         3       0       0       0       0
Total ram usage:        3 bytes
 Hardware stack levels used:    1
 This function calls:
		Nothing
 This function is called by:
		_ISR
 This function uses a non-reentrant model



MODULE INFORMATION

Module		Function		Class		Link	Load	Size
C:\Users\Ninguem\Desktop\Trabalho final embarcado\supervv\Firmware\main.c
		_ISR           		CODE           	00B0	0000	117
		_main          		CODE           	01B4	0000	65

C:\Users\Ninguem\Desktop\Trabalho final embarcado\supervv\Firmware\main.c estimated size: 182

C:\Users\Ninguem\Desktop\Trabalho final embarcado\supervv\Firmware\adc.c
		_ADC_Read      		CODE           	0215	0000	24
		_ADC_Init      		CODE           	022D	0000	18

C:\Users\Ninguem\Desktop\Trabalho final embarcado\supervv\Firmware\adc.c estimated size: 42

C:\Users\Ninguem\Desktop\Trabalho final embarcado\supervv\Firmware\timers.c
		_TIMER1_Set    		CODE           	024E	0000	9
		_TIMER1_Init   		CODE           	023F	0000	15

C:\Users\Ninguem\Desktop\Trabalho final embarcado\supervv\Firmware\timers.c estimated size: 24

C:\Users\Ninguem\Desktop\Trabalho final embarcado\supervv\Firmware\usart.c
		_USART_WriteCha		CODE           	0260	0000	8
		_USART_WriteStr		CODE           	01F5	0000	32
		_USART_Init    		CODE           	0125	0000	74

C:\Users\Ninguem\Desktop\Trabalho final embarcado\supervv\Firmware\usart.c estimated size: 114

shared
		i1_TIMER1_Set  		CODE           	0257	0000	9
		__stringtab    		STRING         	016F	0000	6
		__stringdata   		STRING         	0175	0000	63
		__initializatio		CODE           	0015	0000	8
		i1_USART_WriteC		CODE           	0268	0000	8

shared estimated size: 94

C:\Program Files (x86)\Microchip\xc8\v1.33\sources\common\aldiv.c
		___aldiv       		CODE           	0021	0000	143

C:\Program Files (x86)\Microchip\xc8\v1.33\sources\common\aldiv.c estimated size: 143

